// Jest Snapshot v1, https://goo.gl/fbAQLP

exports[`Breadcrumb component test case should test Breadcrumb component with default props 1`] = `
<BrowserRouter>
  <Router
    history={
      Object {
        "action": "POP",
        "block": [Function],
        "createHref": [Function],
        "go": [Function],
        "goBack": [Function],
        "goForward": [Function],
        "length": 1,
        "listen": [Function],
        "location": Object {
          "hash": "",
          "pathname": "/",
          "search": "",
          "state": undefined,
        },
        "push": [Function],
        "replace": [Function],
      }
    }
  >
    <Breadcrumb
      currentPage="Case Information"
      items={
        Array [
          Object {
            "name": "Home",
            "path": "/",
          },
        ]
      }
    >
      <nav
        aria-label="breadcrumb"
      >
        <ol
          className="breadcrumb"
        >
          <li
            className="breadcrumb-item"
            key="0"
          >
            <Link
              to="/"
            >
              <LinkAnchor
                href="/"
                navigate={[Function]}
              >
                <a
                  href="/"
                  onClick={[Function]}
                >
                  Home
                </a>
              </LinkAnchor>
            </Link>
          </li>
          <li
            aria-current="page"
            className="breadcrumb-item active"
          >
            Case Information
          </li>
        </ol>
      </nav>
    </Breadcrumb>
  </Router>
</BrowserRouter>
`;
